[querofilmehd.net/filme/7homem-aranha-sem-volta-para-casa/index.html]
[querofilmehd.net/wp-content/uploads/2021/07/icon.png]
[querofilmehd.net/wp-content/uploads/2021/07/jogar.png]
[backblue.gif]
[fade.gif]
[index.html]
[querofilmehd.net/wp-content/cache/wpfc-minified/q35xgln/bnn70.css]
[querofilmehd.net/wp-content/cache/wpfc-minified/97ryus2f/bnn70.css]
[querofilmehd.net/wp-content/cache/wpfc-minified/jmdbg9hx/bnn70.js]
[querofilmehd.net/wp-content/cache/wpfc-minified/1bq4j8c8/bnn70.js]
[querofilmehd.net/wp-content/cache/wpfc-minified/lmjqcptg/bnn70.js]
[querofilmehd.net/filme/7homem-aranha-sem-volta-para-casa/feed/index.html]
[querofilmehd.net/filme/7homem-aranha-sem-volta-para-casa/OneSignalSDKUpdaterWorker.js.php]
[querofilmehd.net/filme/7homem-aranha-sem-volta-para-casa/OneSignalSDKWorker.js.php]
[www.google-analytics.com/analytics.js]
[querofilmehd.net/wp-content/uploads/2021/07/Sem-Titulo-1-1.png]
[querofilmehd.net/wp-content/themes/dooplay/assets/img/flags/br.png]
[image.tmdb.org/t/p/w185/6vVRYbIjDLMMwZJ2jo6enrdN76U.jpg]
[image.tmdb.org/t/p/original/VlHt27nCqOuTnuX6bku8QZapzO.jpg]
[image.tmdb.org/t/p/w300/VlHt27nCqOuTnuX6bku8QZapzO.jpg]
[image.tmdb.org/t/p/original/vIPIyTJqcgOKgKcExCvTDpLpTYW.jpg]
[image.tmdb.org/t/p/w300/vIPIyTJqcgOKgKcExCvTDpLpTYW.jpg]
[image.tmdb.org/t/p/original/aRNMwIvEnYEMwGHLCAACyuq2I1K.jpg]
[image.tmdb.org/t/p/w300/aRNMwIvEnYEMwGHLCAACyuq2I1K.jpg]
[image.tmdb.org/t/p/original/gespPE81A2RYvMxl9XaVNvIgevS.jpg]
[image.tmdb.org/t/p/w300/gespPE81A2RYvMxl9XaVNvIgevS.jpg]
[image.tmdb.org/t/p/original/vK18znei8Uha2z7ZhZtBa40HIrm.jpg]
[image.tmdb.org/t/p/w300/vK18znei8Uha2z7ZhZtBa40HIrm.jpg]
[image.tmdb.org/t/p/original/1Rr5SrvHxMXHu5RjKpaMba8VTzi.jpg]
[image.tmdb.org/t/p/w300/1Rr5SrvHxMXHu5RjKpaMba8VTzi.jpg]
[image.tmdb.org/t/p/original/wA2t7nsO10swf2Snpd6XM5a6yLR.jpg]
[image.tmdb.org/t/p/w300/wA2t7nsO10swf2Snpd6XM5a6yLR.jpg]
[image.tmdb.org/t/p/original/8L4mdjd9Zuxju3cDB3spgJ8AOPw.jpg]
[image.tmdb.org/t/p/w300/8L4mdjd9Zuxju3cDB3spgJ8AOPw.jpg]
[image.tmdb.org/t/p/original/n7sgwV1TNHUXOf7Aoh7Cr8gWvlZ.jpg]
[image.tmdb.org/t/p/w300/n7sgwV1TNHUXOf7Aoh7Cr8gWvlZ.jpg]
[image.tmdb.org/t/p/original/rWiPrQ4XqbuLg4wP2ufM0dsBRCQ.jpg]
[image.tmdb.org/t/p/w300/rWiPrQ4XqbuLg4wP2ufM0dsBRCQ.jpg]
[querofilmehd.net/wp-content/themes/dooplay/assets/img/no/cast.png]
[image.tmdb.org/t/p/w92/2qhIDp44cAqP2clOgt2afQI07X8.jpg]
[image.tmdb.org/t/p/w92/jHWlWOasiqKS8JI40g9GDH5X6AL.jpg]
[image.tmdb.org/t/p/w92/fBEucxECxGLKVHBznO0qHtCGiMO.jpg]
[image.tmdb.org/t/p/w92/8MtRRnEHaBSw8Ztdl8saXiw1egP.jpg]
[image.tmdb.org/t/p/w92/53YhaL4xw4Sb1ssoHkeSSBaO29c.jpg]
[image.tmdb.org/t/p/w92/pP0J79KUzPPjW4QO42iF4KKM7C6.jpg]
[image.tmdb.org/t/p/w92/nJo91Czesn6z0d0pkfbDoVZY3sg.jpg]
[image.tmdb.org/t/p/w92/kZYV0GjnZdoyL3cLvWbKhetNBrE.jpg]
[image.tmdb.org/t/p/w92/ui8e4sgZAwMPi3hzEO53jyBJF9B.jpg]
[image.tmdb.org/t/p/w92/ouuo4ulVO9j6T8JixFp4lWTVdtd.jpg]
[image.tmdb.org/t/p/w185/q7aenz9ZERyL4EVZA4ieHnXQrjS.jpg]
[image.tmdb.org/t/p/w185/vG8qBkByy9naORB6zahcntIC2N.jpg]
[image.tmdb.org/t/p/w185/dQWPwTDB6aikTmxYhp668sdRobd.jpg]
[image.tmdb.org/t/p/w185/2RKGUCbo2R6IDsufxApL6nRFL4j.jpg]
[image.tmdb.org/t/p/w185/j2UPS5hPBFgRN1Zbs7RKvn0iipu.jpg]
[image.tmdb.org/t/p/w185/9EuGKjsYegO58RaMYWGvnurHo7u.jpg]
[image.tmdb.org/t/p/w185/3qdc6SohDYb1pe9ypv4NShWZMAN.jpg]
[image.tmdb.org/t/p/w185/5laQdUygxBxzG4Rx6dHNBJTwtXN.jpg]
[image.tmdb.org/t/p/w185/9yyAOtBlWlMBOAUp2lWTRytVgOG.jpg]
[image.tmdb.org/t/p/w185/vUf7aD18GW7CTiUM2FvF4YXC4Cq.jpg]
[image.tmdb.org/t/p/w185/sFk3iW5ZvkAV7ZrNPYitB0sSxbw.jpg]
[image.tmdb.org/t/p/w185/oKJh6X4kadnfPBKj9DvKwz68Cn.jpg]
[querofilmehd.net/wp-content/themes/dooplay/assets/js/front.scripts.min4468.js]
[querofilmehd.net/wp-content/themes/dooplay/assets/js/front.livesearch.min4468.js]
[querofilmehd.net/wp-includes/js/comment-reply.min080f.js]
[querofilmehd.net/wp-includes/js/wp-embed.min080f.js]
[cdn.onesignal.com/sdks/OneSignalSDK080f.js]
[waust.at/d.js]
[joshmcrty.github.io/Flurry/jquery.flurry.min.js]
[querofilmehd.net/filme/7homem-aranha-sem-volta-para-casa/index.html]
[querofilmehd.net/wp-content/cache/wpfc-minified/q35xgln/bnn70.css]
[querofilmehd.net/wp-content/themes/dooplay/assets/css/mCSB_buttons.46.delayed]
[querofilmehd.net/wp-content/cache/wpfc-minified/97ryus2f/bnn70.css]
[querofilmehd.net/filme/7homem-aranha-sem-volta-para-casa/OneSignalSDKUpdaterWorker.js.html]
[querofilmehd.net/filme/7homem-aranha-sem-volta-para-casa/OneSignalSDKWorker.js.html]
[querofilmehd.net/filme/7homem-aranha-sem-volta-para-casa/amung.us/dynamic.js]
[waust.at/d.js]
[querofilmehd.net/wp-content/themes/dooplay/assets/css/mCSB_buttons.html]
[querofilmehd.net/filme/7homem-aranha-sem-volta-para-casa/amung.us/dynamic.html]
[cdn.tynt.com/tc.js]
